// Jest Snapshot v1, https://goo.gl/fbAQLP

exports[`renders correctly 1`] = `
<div
  className="quote-wrapper"
>
  Mathematics is not about numbers, equations, computations, or algorithms: It is about understanding. -William Paul Thurston
</div>
`;
