// Jest Snapshot v1, https://goo.gl/fbAQLP

exports[`renders correctly 1`] = `
<div
  className="result"
  data-testid="result"
>
  2
   
  +
   
  3
</div>
`;
